<!DOCTYPE html>
<html lang="en">
<head></head>
<body>
    <div class="sub-1">
    ------------||--------------
    this is sub-1... template
    <div class="sub2-1">
    this is sub2-1... template
    <div class="sub2-2"></div>
</div>
    <span>hello</span>
    <div class="sub2-3">
    this is sub2-3... template
    <div class="sub3-1">
    this is sub3-1... template
    <div class="sub2-2"></div>
</div>
</div>
</div>
</body>
</html>