<!DOCTYPE html>
<html lang="en">
<head></head>
<body>
    <div class="sub2-2"></div>
    <div class="sub2-2"></div>
    <div class="sub2-2"></div>
    <div class="sub2-2"></div>
</body>
</html>